Carbon Emission Dashboard listening on http://localhost:4100
Demo mode: false
[0mGET /api/health [32m200[0m 3.006 ms - 58[0m
[0mGET /api/emissions/customers?preset=last1year [32m200[0m 1974.418 ms - 1897[0m
[0mGET /api/emissions/time?preset=last1year [32m200[0m 60.447 ms - 893[0m
[0mGET /api/emissions/customer-list [32m200[0m 2.576 ms - 855[0m
[0mGET /api/health [32m200[0m 0.979 ms - 58[0m
[0mGET /api/emissions/time?preset=thisMonth [32m200[0m 920.568 ms - 300[0m
[0mGET / [36m304[0m 14.016 ms - -[0m
[0mGET /api/emissions/customer-list [36m304[0m 2.159 ms - -[0m
[0mGET /api/health [32m200[0m 1.618 ms - 58[0m
[0mGET /api/emissions/time?preset=thisMonth [36m304[0m 4.782 ms - -[0m
[0mGET /api/emissions/customers?preset=thisMonth [32m200[0m 1.872 ms - -[0m
[0mGET /api/emissions/customers?preset=thisMonth&customer=EMPTY_RUN [32m200[0m 1.368 ms - 292[0m
[0mGET /api/emissions/customers?preset=thisMonth&customer=0010238651 [32m200[0m 0.942 ms - 368[0m
[0mGET /api/emissions/customers?preset=thisMonth&customer=0010392351 [32m200[0m 392.697 ms - 316[0m
[0mGET /api/emissions/customers?preset=thisMonth&customer=SLMG_BEVERAGES_PRIVATE_L [32m200[0m 606.060 ms - 346[0m
[0mGET /api/emissions/customers?preset=thisMonth&customer=0010441211 [32m200[0m 477.622 ms - 352[0m
[0mGET /api/emissions/time?preset=thisMonth [36m304[0m 1.530 ms - -[0m
[0mGET /api/emissions/time?preset=thisMonth [36m304[0m 2.450 ms - -[0m
[0mGET /api/emissions/customers?preset=thisMonth&customer=0010441211 [36m304[0m 1770.573 ms - -[0m
[0mGET /api/emissions/customers?preset=thisMonth&customer=0010441211 [36m304[0m 0.782 ms - -[0m
[0mGET /api/emissions/customers?preset=thisMonth&customer=KELLOGG_INDIA_PRIVATE_LI [32m200[0m 589.522 ms - 344[0m
[0mGET /api/emissions/time?preset=thisMonth [36m304[0m 1.265 ms - -[0m
[0mGET /api/emissions/customers?preset=custom&customer=KELLOGG_INDIA_PRIVATE_LI [32m200[0m 936.335 ms - 343[0m
[0mGET /api/emissions/customer/KELLOGG_INDIA_PRIVATE_LI/shipments?preset=custom [32m200[0m 1.896 ms - 895[0m
[0mGET /api/emissions/customers?preset=custom&customer=0010410949 [32m200[0m 1.135 ms - 311[0m
[0mGET /api/emissions/customers?preset=custom [32m200[0m 0.904 ms - -[0m
[0mGET /api/emissions/time?preset=custom [32m200[0m 3335.945 ms - 487[0m
[error] <ref *1> AxiosError: timeout of 30000ms exceeded
    at createTimeoutError (D:\Carbon emisssion Dashboard\node_modules\axios\dist\node\axios.cjs:3205:14)
    at RedirectableRequest.handleTimeout (D:\Carbon emisssion Dashboard\node_modules\axios\dist\node\axios.cjs:3665:15)
    at RedirectableRequest.emit (node:events:518:28)
    at Timeout._onTimeout (D:\Carbon emisssion Dashboard\node_modules\follow-redirects\index.js:233:12)
    at listOnTimeout (node:internal/timers:588:17)
    at process.processTimers (node:internal/timers:523:7)
    at Axios.request (D:\Carbon emisssion Dashboard\node_modules\axios\dist\node\axios.cjs:4871:41)
    at process.processTicksAndRejections (node:internal/process/task_queues:105:5)
    at async fetchListPage (D:\Carbon emisssion Dashboard\backend\services\tmsClient.js:156:15)
    at async fetchListAllPages (D:\Carbon emisssion Dashboard\backend\services\tmsClient.js:168:18)
    at async Object.getShipmentsInRange (D:\Carbon emisssion Dashboard\backend\services\tmsClient.js:224:17)
    at async D:\Carbon emisssion Dashboard\backend\routes\emissions.js:32:23 {
  isAxiosError: true,
  code: 'ECONNABORTED',
  config: [Object: null prototype] {
    transitional: {
      silentJSONParsing: true,
      forcedJSONParsing: true,
      clarifyTimeoutError: false,
      legacyInterceptorReqResOrdering: true
    },
    adapter: [ 'xhr', 'http', 'fetch' ],
    transformRequest: [ [Function: transformRequest] ],
    transformResponse: [ [Function: transformResponse] ],
    timeout: 30000,
    xsrfCookieName: 'XSRF-TOKEN',
    xsrfHeaderName: 'X-XSRF-TOKEN',
    maxContentLength: -1,
    maxBodyLength: -1,
    env: { FormData: [Function], Blob: [class Blob] },
    validateStatus: [Function: validateStatus],
    headers: Object [AxiosHeaders] {
      Accept: 'application/json, text/plain, */*',
      'Content-Type': undefined,
      Authorization: 'Bearer eyJhbGciOiJIUzI1NiJ9.eyJpYXQiOjE3NzgwNDkzOTcsInVzZXJJZCI6IjZkNmIzMjYxLTE4NmYtNDIyYy05MDIzLTdkNzJkOWE0YTgxYyIsImVtYWlsIjoidmFydW4yLnNoYXJtYUBjamRhcmNsLmNvbSIsIm1vYmlsZU51bWJlciI6Ijk3NzM5MDA5MzkiLCJvcmdJZCI6ImVmMzAwNjgzLTkwMWItNDc3NC1iZjBlLTk1NWQ0OWU3OTZiYyIsIm5hbWUiOiJWQVJVTiBTSEFSTUEgKEpSIFNPRlRXQVJFIEVOR0lORUVSLUNvcnAgR0dOIElUIEZDTSkiLCJvcmdUeXBlIjoiRkxFRVRfT1dORVIiLCJpc0dvZCI6ZmFsc2UsInBvcnRhbFR5cGUiOiJiYXNpYyJ9.8pdZoj7O66JanWLjb-OK5Mgu4vdH_WnlVKqvVGmNrTs',
      'User-Agent': 'axios/1.16.0',
      'Accept-Encoding': 'gzip, compress, deflate, br'
    },
    baseURL: 'https://tmsapis.cjdarcl.com',
    params: {
      filters: '{"__version":2,"completionTime":{"isTillExpression":false,"isFromExpression":false,"from":1775500200000,"till":1778092199999}}',
      activeShipments: true
    },
    method: 'get',
    url: '/shipment-view/shipments/v1',
    allowAbsoluteUrls: true,
    data: undefined
  },
  request: <ref *2> Writable {
    _events: {
      close: undefined,
      error: [Function: handleRequestError],
      prefinish: undefined,
      finish: undefined,
      drain: undefined,
      response: [Function: handleResponse],
      socket: [Array],
      timeout: undefined,
      abort: undefined
    },
    _writableState: WritableState {
      highWaterMark: 16384,
      length: 0,
      corked: 0,
      onwrite: [Function: bound onwrite],
      writelen: 0,
      bufferedIndex: 0,
      pendingcb: 0,
      [Symbol(kState)]: 17581054,
      [Symbol(kBufferedValue)]: null,
      [Symbol(kErroredValue)]: [Circular *1]
    },
    _maxListeners: undefined,
    _options: {
      maxRedirects: 21,
      maxBodyLength: Infinity,
      protocol: 'https:',
      path: '/shipment-view/shipments/v1?filters=%7B%22__version%22:2,%22completionTime%22:%7B%22isTillExpression%22:false,%22isFromExpression%22:false,%22from%22:1775500200000,%22till%22:1778092199999%7D%7D&activeShipments=true',
      method: 'GET',
      headers: [Object: null prototype],
      agents: [Object],
      auth: undefined,
      family: undefined,
      beforeRedirect: [Function: dispatchBeforeRedirect],
      beforeRedirects: [Object: null prototype],
      http2Options: undefined,
      hostname: 'tmsapis.cjdarcl.com',
      port: '',
      agent: undefined,
      insecureHTTPParser: false,
      nativeProtocols: [Object],
      sensitiveHeaders: [],
      pathname: '/shipment-view/shipments/v1',
      search: '?filters=%7B%22__version%22:2,%22completionTime%22:%7B%22isTillExpression%22:false,%22isFromExpression%22:false,%22from%22:1775500200000,%22till%22:1778092199999%7D%7D&activeShipments=true'
    },
    _ended: true,
    _ending: true,
    _redirectCount: 0,
    _redirects: [],
    _requestBodyLength: 0,
    _requestBodyBuffers: [],
    _eventsCount: 3,
    _onNativeResponse: [Function (anonymous)],
    _headerFilter: /^(?:Authorization|Proxy-Authorization|Cookie)$/i,
    _currentRequest: ClientRequest {
      _events: [Object: null prototype],
      _eventsCount: 2,
      _maxListeners: undefined,
      outputData: [],
      outputSize: 0,
      writable: true,
      destroyed: true,
      _last: true,
      chunkedEncoding: false,
      shouldKeepAlive: true,
      maxRequestsOnConnectionReached: false,
      _defaultKeepAlive: true,
      useChunkedEncodingByDefault: false,
      sendDate: false,
      _removedConnection: false,
      _removedContLen: false,
      _removedTE: false,
      strictContentLength: false,
      _contentLength: 0,
      _hasBody: true,
      _trailer: '',
      finished: true,
      _headerSent: true,
      _closed: false,
      _header: 'GET /shipment-view/shipments/v1?filters=%7B%22__version%22:2,%22completionTime%22:%7B%22isTillExpression%22:false,%22isFromExpression%22:false,%22from%22:1775500200000,%22till%22:1778092199999%7D%7D&activeShipments=true HTTP/1.1\r\n' +
        'Accept: application/json, text/plain, */*\r\n' +
        'Authorization: Bearer eyJhbGciOiJIUzI1NiJ9.eyJpYXQiOjE3NzgwNDkzOTcsInVzZXJJZCI6IjZkNmIzMjYxLTE4NmYtNDIyYy05MDIzLTdkNzJkOWE0YTgxYyIsImVtYWlsIjoidmFydW4yLnNoYXJtYUBjamRhcmNsLmNvbSIsIm1vYmlsZU51bWJlciI6Ijk3NzM5MDA5MzkiLCJvcmdJZCI6ImVmMzAwNjgzLTkwMWItNDc3NC1iZjBlLTk1NWQ0OWU3OTZiYyIsIm5hbWUiOiJWQVJVTiBTSEFSTUEgKEpSIFNPRlRXQVJFIEVOR0lORUVSLUNvcnAgR0dOIElUIEZDTSkiLCJvcmdUeXBlIjoiRkxFRVRfT1dORVIiLCJpc0dvZCI6ZmFsc2UsInBvcnRhbFR5cGUiOiJiYXNpYyJ9.8pdZoj7O66JanWLjb-OK5Mgu4vdH_WnlVKqvVGmNrTs\r\n' +
        'User-Agent: axios/1.16.0\r\n' +
        'Accept-Encoding: gzip, compress, deflate, br\r\n' +
        'Host: tmsapis.cjdarcl.com\r\n' +
        'Connection: keep-alive\r\n' +
        '\r\n',
      _keepAliveTimeout: 0,
      _onPendingData: [Function: nop],
      agent: [Agent],
      socketPath: undefined,
      method: 'GET',
      maxHeaderSize: undefined,
      insecureHTTPParser: false,
      joinDuplicateHeaders: undefined,
      path: '/shipment-view/shipments/v1?filters=%7B%22__version%22:2,%22completionTime%22:%7B%22isTillExpression%22:false,%22isFromExpression%22:false,%22from%22:1775500200000,%22till%22:1778092199999%7D%7D&activeShipments=true',
      _ended: false,
      res: null,
      aborted: false,
      timeoutCb: [Function: emitRequestTimeout],
      upgradeOrConnect: false,
      parser: null,
      maxHeadersCount: null,
      reusedSocket: false,
      host: 'tmsapis.cjdarcl.com',
      protocol: 'https:',
      _redirectable: [Circular *2],
      [Symbol(shapeMode)]: false,
      [Symbol(kCapture)]: false,
      [Symbol(kBytesWritten)]: 0,
      [Symbol(kNeedDrain)]: false,
      [Symbol(corked)]: 0,
      [Symbol(kChunkedBuffer)]: [],
      [Symbol(kChunkedLength)]: 0,
      [Symbol(kSocket)]: [TLSSocket],
      [Symbol(kOutHeaders)]: [Object: null prototype],
      [Symbol(errored)]: null,
      [Symbol(kHighWaterMark)]: 16384,
      [Symbol(kRejectNonStandardBodyWrites)]: false,
      [Symbol(kUniqueHeaders)]: null,
      [Symbol(kError)]: [Circular *1]
    },
    _currentUrl: 'https://tmsapis.cjdarcl.com/shipment-view/shipments/v1?filters=%7B%22__version%22:2,%22completionTime%22:%7B%22isTillExpression%22:false,%22isFromExpression%22:false,%22from%22:1775500200000,%22till%22:1778092199999%7D%7D&activeShipments=true',
    _timeout: null,
    [Symbol(shapeMode)]: true,
    [Symbol(kCapture)]: false
  }
}
[0mGET /api/emissions/customers?preset=custom [31m500[0m 30141.790 ms - 39[0m
[0mGET /api/emissions/customers?preset=previousMonth [32m200[0m 67054.569 ms - -[0m
[0mGET /.well-known/appspecific/com.chrome.devtools.json [33m404[0m 17.001 ms - 187[0m
[0mGET / [32m200[0m 132.824 ms - -[0m
[0mGET /.well-known/appspecific/com.chrome.devtools.json [33m404[0m 92.364 ms - 187[0m
[0mGET /assets/logo.webp [32m200[0m 107.830 ms - 2998[0m
[0mGET /js/util.js [32m200[0m 82.078 ms - -[0m
[0mGET /css/style.css?v=3 [32m200[0m 36.537 ms - -[0m
[0mGET /js/period.js [32m200[0m 67.422 ms - -[0m
[0mGET /js/customerFilter.js [32m200[0m 69.624 ms - -[0m
[0mGET /js/customerView.js?v=3 [32m200[0m 38.569 ms - -[0m
[0mGET /js/drilldown.js [32m200[0m 36.470 ms - -[0m
[0mGET /js/timeView.js?v=2 [32m200[0m 45.784 ms - -[0m
[0mGET /js/email.js [32m200[0m 19.612 ms - -[0m
[0mGET /js/app.js [32m200[0m 8.906 ms - -[0m
[0mGET /api/emissions/customer-list [32m200[0m 1.438 ms - -[0m
[0mGET /api/health [32m200[0m 1.218 ms - 58[0m
[0mGET /assets/logo.webp [32m200[0m 14.059 ms - 2998[0m
[0mGET /api/emissions/time?preset=thisMonth [32m200[0m 422.515 ms - 300[0m
[0mGET /api/emissions/customers?preset=thisMonth [32m200[0m 2.740 ms - -[0m
[0mGET /api/emissions/customers?preset=thisMonth&customer=CONTAINER_CORPORATION_OF [32m200[0m 623.571 ms - 377[0m
[0mGET /api/emissions/customer/CONTAINER_CORPORATION_OF/shipments?preset=thisMonth [32m200[0m 450.052 ms - -[0m
[0mGET /api/reports/customer/CONTAINER_CORPORATION_OF.xlsx?preset=thisMonth [32m200[0m 523.700 ms - -[0m
[0mGET /api/emissions/customer/CONTAINER_CORPORATION_OF/shipments?preset=thisMonth [32m200[0m 1617.918 ms - -[0m
[error] <ref *1> AxiosError: timeout of 30000ms exceeded
    at createTimeoutError (D:\Carbon emisssion Dashboard\node_modules\axios\dist\node\axios.cjs:3205:14)
    at RedirectableRequest.handleTimeout (D:\Carbon emisssion Dashboard\node_modules\axios\dist\node\axios.cjs:3665:15)
    at RedirectableRequest.emit (node:events:518:28)
    at Timeout._onTimeout (D:\Carbon emisssion Dashboard\node_modules\follow-redirects\index.js:233:12)
    at listOnTimeout (node:internal/timers:588:17)
    at process.processTimers (node:internal/timers:523:7)
    at Axios.request (D:\Carbon emisssion Dashboard\node_modules\axios\dist\node\axios.cjs:4871:41)
    at process.processTicksAndRejections (node:internal/process/task_queues:105:5)
    at async fetchListPage (D:\Carbon emisssion Dashboard\backend\services\tmsClient.js:156:15)
    at async fetchListAllPages (D:\Carbon emisssion Dashboard\backend\services\tmsClient.js:168:18)
    at async Object.getShipmentsInRange (D:\Carbon emisssion Dashboard\backend\services\tmsClient.js:224:17)
    at async buildCertificatePayload (D:\Carbon emisssion Dashboard\backend\routes\certificate.js:17:21)
    at async D:\Carbon emisssion Dashboard\backend\routes\certificate.js:66:21 {
  isAxiosError: true,
  code: 'ECONNABORTED',
  config: [Object: null prototype] {
    transitional: {
      silentJSONParsing: true,
      forcedJSONParsing: true,
      clarifyTimeoutError: false,
      legacyInterceptorReqResOrdering: true
    },
    adapter: [ 'xhr', 'http', 'fetch' ],
    transformRequest: [ [Function: transformRequest] ],
    transformResponse: [ [Function: transformResponse] ],
    timeout: 30000,
    xsrfCookieName: 'XSRF-TOKEN',
    xsrfHeaderName: 'X-XSRF-TOKEN',
    maxContentLength: -1,
    maxBodyLength: -1,
    env: { FormData: [Function], Blob: [class Blob] },
    validateStatus: [Function: validateStatus],
    headers: Object [AxiosHeaders] {
      Accept: 'application/json, text/plain, */*',
      'Content-Type': undefined,
      Authorization: 'Bearer eyJhbGciOiJIUzI1NiJ9.eyJpYXQiOjE3NzgwNDkzOTcsInVzZXJJZCI6IjZkNmIzMjYxLTE4NmYtNDIyYy05MDIzLTdkNzJkOWE0YTgxYyIsImVtYWlsIjoidmFydW4yLnNoYXJtYUBjamRhcmNsLmNvbSIsIm1vYmlsZU51bWJlciI6Ijk3NzM5MDA5MzkiLCJvcmdJZCI6ImVmMzAwNjgzLTkwMWItNDc3NC1iZjBlLTk1NWQ0OWU3OTZiYyIsIm5hbWUiOiJWQVJVTiBTSEFSTUEgKEpSIFNPRlRXQVJFIEVOR0lORUVSLUNvcnAgR0dOIElUIEZDTSkiLCJvcmdUeXBlIjoiRkxFRVRfT1dORVIiLCJpc0dvZCI6ZmFsc2UsInBvcnRhbFR5cGUiOiJiYXNpYyJ9.8pdZoj7O66JanWLjb-OK5Mgu4vdH_WnlVKqvVGmNrTs',
      'User-Agent': 'axios/1.16.0',
      'Accept-Encoding': 'gzip, compress, deflate, br'
    },
    baseURL: 'https://tmsapis.cjdarcl.com',
    params: {
      filters: '{"__version":2,"completionTime":{"isTillExpression":false,"isFromExpression":false,"from":1777573800000,"till":1778092199999}}',
      activeShipments: true
    },
    method: 'get',
    url: '/shipment-view/shipments/v1',
    allowAbsoluteUrls: true,
    data: undefined
  },
  request: <ref *2> Writable {
    _events: {
      close: undefined,
      error: [Function: handleRequestError],
      prefinish: undefined,
      finish: undefined,
      drain: undefined,
      response: [Function: handleResponse],
      socket: [Array],
      timeout: undefined,
      abort: undefined
    },
    _writableState: WritableState {
      highWaterMark: 16384,
      length: 0,
      corked: 0,
      onwrite: [Function: bound onwrite],
      writelen: 0,
      bufferedIndex: 0,
      pendingcb: 0,
      [Symbol(kState)]: 17581054,
      [Symbol(kBufferedValue)]: null,
      [Symbol(kErroredValue)]: [Circular *1]
    },
    _maxListeners: undefined,
    _options: {
      maxRedirects: 21,
      maxBodyLength: Infinity,
      protocol: 'https:',
      path: '/shipment-view/shipments/v1?filters=%7B%22__version%22:2,%22completionTime%22:%7B%22isTillExpression%22:false,%22isFromExpression%22:false,%22from%22:1777573800000,%22till%22:1778092199999%7D%7D&activeShipments=true',
      method: 'GET',
      headers: [Object: null prototype],
      agents: [Object],
      auth: undefined,
      family: undefined,
      beforeRedirect: [Function: dispatchBeforeRedirect],
      beforeRedirects: [Object: null prototype],
      http2Options: undefined,
      hostname: 'tmsapis.cjdarcl.com',
      port: '',
      agent: undefined,
      insecureHTTPParser: false,
      nativeProtocols: [Object],
      sensitiveHeaders: [],
      pathname: '/shipment-view/shipments/v1',
      search: '?filters=%7B%22__version%22:2,%22completionTime%22:%7B%22isTillExpression%22:false,%22isFromExpression%22:false,%22from%22:1777573800000,%22till%22:1778092199999%7D%7D&activeShipments=true'
    },
    _ended: true,
    _ending: true,
    _redirectCount: 0,
    _redirects: [],
    _requestBodyLength: 0,
    _requestBodyBuffers: [],
    _eventsCount: 3,
    _onNativeResponse: [Function (anonymous)],
    _headerFilter: /^(?:Authorization|Proxy-Authorization|Cookie)$/i,
    _currentRequest: ClientRequest {
      _events: [Object: null prototype],
      _eventsCount: 2,
      _maxListeners: undefined,
      outputData: [],
      outputSize: 0,
      writable: true,
      destroyed: true,
      _last: true,
      chunkedEncoding: false,
      shouldKeepAlive: true,
      maxRequestsOnConnectionReached: false,
      _defaultKeepAlive: true,
      useChunkedEncodingByDefault: false,
      sendDate: false,
      _removedConnection: false,
      _removedContLen: false,
      _removedTE: false,
      strictContentLength: false,
      _contentLength: 0,
      _hasBody: true,
      _trailer: '',
      finished: true,
      _headerSent: true,
      _closed: false,
      _header: 'GET /shipment-view/shipments/v1?filters=%7B%22__version%22:2,%22completionTime%22:%7B%22isTillExpression%22:false,%22isFromExpression%22:false,%22from%22:1777573800000,%22till%22:1778092199999%7D%7D&activeShipments=true HTTP/1.1\r\n' +
        'Accept: application/json, text/plain, */*\r\n' +
        'Authorization: Bearer eyJhbGciOiJIUzI1NiJ9.eyJpYXQiOjE3NzgwNDkzOTcsInVzZXJJZCI6IjZkNmIzMjYxLTE4NmYtNDIyYy05MDIzLTdkNzJkOWE0YTgxYyIsImVtYWlsIjoidmFydW4yLnNoYXJtYUBjamRhcmNsLmNvbSIsIm1vYmlsZU51bWJlciI6Ijk3NzM5MDA5MzkiLCJvcmdJZCI6ImVmMzAwNjgzLTkwMWItNDc3NC1iZjBlLTk1NWQ0OWU3OTZiYyIsIm5hbWUiOiJWQVJVTiBTSEFSTUEgKEpSIFNPRlRXQVJFIEVOR0lORUVSLUNvcnAgR0dOIElUIEZDTSkiLCJvcmdUeXBlIjoiRkxFRVRfT1dORVIiLCJpc0dvZCI6ZmFsc2UsInBvcnRhbFR5cGUiOiJiYXNpYyJ9.8pdZoj7O66JanWLjb-OK5Mgu4vdH_WnlVKqvVGmNrTs\r\n' +
        'User-Agent: axios/1.16.0\r\n' +
        'Accept-Encoding: gzip, compress, deflate, br\r\n' +
        'Host: tmsapis.cjdarcl.com\r\n' +
        'Connection: keep-alive\r\n' +
        '\r\n',
      _keepAliveTimeout: 0,
      _onPendingData: [Function: nop],
      agent: [Agent],
      socketPath: undefined,
      method: 'GET',
      maxHeaderSize: undefined,
      insecureHTTPParser: false,
      joinDuplicateHeaders: undefined,
      path: '/shipment-view/shipments/v1?filters=%7B%22__version%22:2,%22completionTime%22:%7B%22isTillExpression%22:false,%22isFromExpression%22:false,%22from%22:1777573800000,%22till%22:1778092199999%7D%7D&activeShipments=true',
      _ended: false,
      res: null,
      aborted: false,
      timeoutCb: [Function: emitRequestTimeout],
      upgradeOrConnect: false,
      parser: null,
      maxHeadersCount: null,
      reusedSocket: false,
      host: 'tmsapis.cjdarcl.com',
      protocol: 'https:',
      _redirectable: [Circular *2],
      [Symbol(shapeMode)]: false,
      [Symbol(kCapture)]: false,
      [Symbol(kBytesWritten)]: 0,
      [Symbol(kNeedDrain)]: false,
      [Symbol(corked)]: 0,
      [Symbol(kChunkedBuffer)]: [],
      [Symbol(kChunkedLength)]: 0,
      [Symbol(kSocket)]: [TLSSocket],
      [Symbol(kOutHeaders)]: [Object: null prototype],
      [Symbol(errored)]: null,
      [Symbol(kHighWaterMark)]: 16384,
      [Symbol(kRejectNonStandardBodyWrites)]: false,
      [Symbol(kUniqueHeaders)]: null,
      [Symbol(kError)]: [Circular *1]
    },
    _currentUrl: 'https://tmsapis.cjdarcl.com/shipment-view/shipments/v1?filters=%7B%22__version%22:2,%22completionTime%22:%7B%22isTillExpression%22:false,%22isFromExpression%22:false,%22from%22:1777573800000,%22till%22:1778092199999%7D%7D&activeShipments=true',
    _timeout: null,
    [Symbol(shapeMode)]: true,
    [Symbol(kCapture)]: false
  }
}
[0mPOST /api/certificate/send [31m500[0m 30501.401 ms - 39[0m
[0mGET /api/emissions/customer/CONTAINER_CORPORATION_OF/shipments?preset=thisMonth [32m200[0m 464.461 ms - -[0m
[0mGET /api/emissions/time?preset=thisMonth [32m200[0m 895.207 ms - 300[0m
[0mGET /api/emissions/time?preset=thisMonth [32m200[0m 1.806 ms - 300[0m
[0mGET /api/emissions/customers?preset=thisMonth&customer=CONTAINER_CORPORATION_OF [32m200[0m 3377.683 ms - 377[0m
[0mGET /api/emissions/customer/CONTAINER_CORPORATION_OF/shipments?preset=thisMonth [32m200[0m 1.280 ms - -[0m
[0mGET /api/emissions/customers?preset=thisMonth&customer=UNKNOWN [32m200[0m 13485.581 ms - 298[0m
[0mGET / [36m304[0m 36.764 ms - -[0m
[0mGET /js/util.js [36m304[0m 1.654 ms - -[0m
[0mGET /js/period.js [36m304[0m 1.602 ms - -[0m
[0mGET /js/customerFilter.js [36m304[0m 1.651 ms - -[0m
[0mGET /api/emissions/customer-list [36m304[0m 6.253 ms - -[0m
[0mGET /api/health [32m200[0m 4.172 ms - 58[0m
[0mGET /js/timeView.js?v=2 [36m304[0m 1.779 ms - -[0m
[0mGET /js/customerView.js?v=3 [36m304[0m 5.556 ms - -[0m
[0mGET /js/drilldown.js [36m304[0m 1.604 ms - -[0m
[0mGET /js/app.js [36m304[0m 2.325 ms - -[0m
[0mGET /js/email.js [36m304[0m 2.142 ms - -[0m
[0mGET /api/emissions/time?preset=thisMonth [36m304[0m 2277.046 ms - -[0m
[error] <ref *1> AxiosError: timeout of 30000ms exceeded
    at createTimeoutError (D:\Carbon emisssion Dashboard\node_modules\axios\dist\node\axios.cjs:3205:14)
    at RedirectableRequest.handleTimeout (D:\Carbon emisssion Dashboard\node_modules\axios\dist\node\axios.cjs:3665:15)
    at RedirectableRequest.emit (node:events:518:28)
    at Timeout._onTimeout (D:\Carbon emisssion Dashboard\node_modules\follow-redirects\index.js:233:12)
    at listOnTimeout (node:internal/timers:588:17)
    at process.processTimers (node:internal/timers:523:7)
    at Axios.request (D:\Carbon emisssion Dashboard\node_modules\axios\dist\node\axios.cjs:4871:41)
    at process.processTicksAndRejections (node:internal/process/task_queues:105:5)
    at async fetchListPage (D:\Carbon emisssion Dashboard\backend\services\tmsClient.js:156:15)
    at async fetchListAllPages (D:\Carbon emisssion Dashboard\backend\services\tmsClient.js:168:18)
    at async Object.getShipmentsInRange (D:\Carbon emisssion Dashboard\backend\services\tmsClient.js:224:17)
    at async D:\Carbon emisssion Dashboard\backend\routes\emissions.js:32:23 {
  isAxiosError: true,
  code: 'ECONNABORTED',
  config: [Object: null prototype] {
    transitional: {
      silentJSONParsing: true,
      forcedJSONParsing: true,
      clarifyTimeoutError: false,
      legacyInterceptorReqResOrdering: true
    },
    adapter: [ 'xhr', 'http', 'fetch' ],
    transformRequest: [ [Function: transformRequest] ],
    transformResponse: [ [Function: transformResponse] ],
    timeout: 30000,
    xsrfCookieName: 'XSRF-TOKEN',
    xsrfHeaderName: 'X-XSRF-TOKEN',
    maxContentLength: -1,
    maxBodyLength: -1,
    env: { FormData: [Function], Blob: [class Blob] },
    validateStatus: [Function: validateStatus],
    headers: Object [AxiosHeaders] {
      Accept: 'application/json, text/plain, */*',
      'Content-Type': undefined,
      Authorization: 'Bearer eyJhbGciOiJIUzI1NiJ9.eyJpYXQiOjE3NzgwNDkzOTcsInVzZXJJZCI6IjZkNmIzMjYxLTE4NmYtNDIyYy05MDIzLTdkNzJkOWE0YTgxYyIsImVtYWlsIjoidmFydW4yLnNoYXJtYUBjamRhcmNsLmNvbSIsIm1vYmlsZU51bWJlciI6Ijk3NzM5MDA5MzkiLCJvcmdJZCI6ImVmMzAwNjgzLTkwMWItNDc3NC1iZjBlLTk1NWQ0OWU3OTZiYyIsIm5hbWUiOiJWQVJVTiBTSEFSTUEgKEpSIFNPRlRXQVJFIEVOR0lORUVSLUNvcnAgR0dOIElUIEZDTSkiLCJvcmdUeXBlIjoiRkxFRVRfT1dORVIiLCJpc0dvZCI6ZmFsc2UsInBvcnRhbFR5cGUiOiJiYXNpYyJ9.8pdZoj7O66JanWLjb-OK5Mgu4vdH_WnlVKqvVGmNrTs',
      'User-Agent': 'axios/1.16.0',
      'Accept-Encoding': 'gzip, compress, deflate, br'
    },
    baseURL: 'https://tmsapis.cjdarcl.com',
    params: {
      filters: '{"__version":2,"completionTime":{"isTillExpression":false,"isFromExpression":false,"from":1777573800000,"till":1778092199999}}',
      activeShipments: true
    },
    method: 'get',
    url: '/shipment-view/shipments/v1',
    allowAbsoluteUrls: true,
    data: undefined
  },
  request: <ref *2> Writable {
    _events: {
      close: undefined,
      error: [Function: handleRequestError],
      prefinish: undefined,
      finish: undefined,
      drain: undefined,
      response: [Function: handleResponse],
      socket: [Array],
      timeout: undefined,
      abort: undefined
    },
    _writableState: WritableState {
      highWaterMark: 16384,
      length: 0,
      corked: 0,
      onwrite: [Function: bound onwrite],
      writelen: 0,
      bufferedIndex: 0,
      pendingcb: 0,
      [Symbol(kState)]: 17581054,
      [Symbol(kBufferedValue)]: null,
      [Symbol(kErroredValue)]: [Circular *1]
    },
    _maxListeners: undefined,
    _options: {
      maxRedirects: 21,
      maxBodyLength: Infinity,
      protocol: 'https:',
      path: '/shipment-view/shipments/v1?filters=%7B%22__version%22:2,%22completionTime%22:%7B%22isTillExpression%22:false,%22isFromExpression%22:false,%22from%22:1777573800000,%22till%22:1778092199999%7D%7D&activeShipments=true',
      method: 'GET',
      headers: [Object: null prototype],
      agents: [Object],
      auth: undefined,
      family: undefined,
      beforeRedirect: [Function: dispatchBeforeRedirect],
      beforeRedirects: [Object: null prototype],
      http2Options: undefined,
      hostname: 'tmsapis.cjdarcl.com',
      port: '',
      agent: undefined,
      insecureHTTPParser: false,
      nativeProtocols: [Object],
      sensitiveHeaders: [],
      pathname: '/shipment-view/shipments/v1',
      search: '?filters=%7B%22__version%22:2,%22completionTime%22:%7B%22isTillExpression%22:false,%22isFromExpression%22:false,%22from%22:1777573800000,%22till%22:1778092199999%7D%7D&activeShipments=true'
    },
    _ended: true,
    _ending: true,
    _redirectCount: 0,
    _redirects: [],
    _requestBodyLength: 0,
    _requestBodyBuffers: [],
    _eventsCount: 3,
    _onNativeResponse: [Function (anonymous)],
    _headerFilter: /^(?:Authorization|Proxy-Authorization|Cookie)$/i,
    _currentRequest: ClientRequest {
      _events: [Object: null prototype],
      _eventsCount: 2,
      _maxListeners: undefined,
      outputData: [],
      outputSize: 0,
      writable: true,
      destroyed: true,
      _last: true,
      chunkedEncoding: false,
      shouldKeepAlive: true,
      maxRequestsOnConnectionReached: false,
      _defaultKeepAlive: true,
      useChunkedEncodingByDefault: false,
      sendDate: false,
      _removedConnection: false,
      _removedContLen: false,
      _removedTE: false,
      strictContentLength: false,
      _contentLength: 0,
      _hasBody: true,
      _trailer: '',
      finished: true,
      _headerSent: true,
      _closed: false,
      _header: 'GET /shipment-view/shipments/v1?filters=%7B%22__version%22:2,%22completionTime%22:%7B%22isTillExpression%22:false,%22isFromExpression%22:false,%22from%22:1777573800000,%22till%22:1778092199999%7D%7D&activeShipments=true HTTP/1.1\r\n' +
        'Accept: application/json, text/plain, */*\r\n' +
        'Authorization: Bearer eyJhbGciOiJIUzI1NiJ9.eyJpYXQiOjE3NzgwNDkzOTcsInVzZXJJZCI6IjZkNmIzMjYxLTE4NmYtNDIyYy05MDIzLTdkNzJkOWE0YTgxYyIsImVtYWlsIjoidmFydW4yLnNoYXJtYUBjamRhcmNsLmNvbSIsIm1vYmlsZU51bWJlciI6Ijk3NzM5MDA5MzkiLCJvcmdJZCI6ImVmMzAwNjgzLTkwMWItNDc3NC1iZjBlLTk1NWQ0OWU3OTZiYyIsIm5hbWUiOiJWQVJVTiBTSEFSTUEgKEpSIFNPRlRXQVJFIEVOR0lORUVSLUNvcnAgR0dOIElUIEZDTSkiLCJvcmdUeXBlIjoiRkxFRVRfT1dORVIiLCJpc0dvZCI6ZmFsc2UsInBvcnRhbFR5cGUiOiJiYXNpYyJ9.8pdZoj7O66JanWLjb-OK5Mgu4vdH_WnlVKqvVGmNrTs\r\n' +
        'User-Agent: axios/1.16.0\r\n' +
        'Accept-Encoding: gzip, compress, deflate, br\r\n' +
        'Host: tmsapis.cjdarcl.com\r\n' +
        'Connection: keep-alive\r\n' +
        '\r\n',
      _keepAliveTimeout: 0,
      _onPendingData: [Function: nop],
      agent: [Agent],
      socketPath: undefined,
      method: 'GET',
      maxHeaderSize: undefined,
      insecureHTTPParser: false,
      joinDuplicateHeaders: undefined,
      path: '/shipment-view/shipments/v1?filters=%7B%22__version%22:2,%22completionTime%22:%7B%22isTillExpression%22:false,%22isFromExpression%22:false,%22from%22:1777573800000,%22till%22:1778092199999%7D%7D&activeShipments=true',
      _ended: false,
      res: null,
      aborted: false,
      timeoutCb: [Function: emitRequestTimeout],
      upgradeOrConnect: false,
      parser: null,
      maxHeadersCount: null,
      reusedSocket: false,
      host: 'tmsapis.cjdarcl.com',
      protocol: 'https:',
      _redirectable: [Circular *2],
      [Symbol(shapeMode)]: false,
      [Symbol(kCapture)]: false,
      [Symbol(kBytesWritten)]: 0,
      [Symbol(kNeedDrain)]: false,
      [Symbol(corked)]: 0,
      [Symbol(kChunkedBuffer)]: [],
      [Symbol(kChunkedLength)]: 0,
      [Symbol(kSocket)]: [TLSSocket],
      [Symbol(kOutHeaders)]: [Object: null prototype],
      [Symbol(errored)]: null,
      [Symbol(kHighWaterMark)]: 16384,
      [Symbol(kRejectNonStandardBodyWrites)]: false,
      [Symbol(kUniqueHeaders)]: null,
      [Symbol(kError)]: [Circular *1]
    },
    _currentUrl: 'https://tmsapis.cjdarcl.com/shipment-view/shipments/v1?filters=%7B%22__version%22:2,%22completionTime%22:%7B%22isTillExpression%22:false,%22isFromExpression%22:false,%22from%22:1777573800000,%22till%22:1778092199999%7D%7D&activeShipments=true',
    _timeout: null,
    [Symbol(shapeMode)]: true,
    [Symbol(kCapture)]: false
  }
}
[0mGET /api/emissions/customers?preset=thisMonth [31m500[0m 30040.572 ms - 39[0m
[0mGET / [36m304[0m 2.004 ms - -[0m
[0mGET /css/style.css?v=3 [36m304[0m 1.245 ms - -[0m
[0mGET /js/util.js [36m304[0m 0.774 ms - -[0m
[0mGET /assets/logo.webp [36m304[0m 1.072 ms - -[0m
[0mGET /js/period.js [36m304[0m 1.658 ms - -[0m
[0mGET /js/customerFilter.js [36m304[0m 1.750 ms - -[0m
[0mGET /js/timeView.js?v=2 [36m304[0m 22.107 ms - -[0m
[0mGET /js/drilldown.js [36m304[0m 23.543 ms - -[0m
[0mGET /js/customerView.js?v=3 [36m304[0m 24.186 ms - -[0m
[0mGET /js/email.js [36m304[0m 1.662 ms - -[0m
[0mGET /js/app.js [36m304[0m 0.694 ms - -[0m
[0mGET /api/health [32m200[0m 0.801 ms - 58[0m
[0mGET /api/emissions/customer-list [36m304[0m 0.979 ms - -[0m
[0mGET / [36m304[0m 2.238 ms - -[0m
[0mGET /api/emissions/time?preset=thisMonth [0m-[0m - ms - -[0m
[0mGET /api/emissions/customer-list [36m304[0m 0.499 ms - -[0m
[0mGET /api/health [32m200[0m 0.394 ms - 58[0m
[0mGET / [36m304[0m 0.537 ms - -[0m
[0mGET /api/emissions/time?preset=thisMonth [0m-[0m - ms - -[0m
[0mGET /api/emissions/customer-list [36m304[0m 0.665 ms - -[0m
[0mGET /api/health [32m200[0m 0.454 ms - 58[0m
[0mGET / [36m304[0m 0.451 ms - -[0m
[0mGET /api/emissions/time?preset=thisMonth [0m-[0m - ms - -[0m
[0mGET /api/health [32m200[0m 0.461 ms - 58[0m
[0mGET /api/emissions/customer-list [36m304[0m 0.602 ms - -[0m
[0mGET / [36m304[0m 0.427 ms - -[0m
[0mGET /api/emissions/time?preset=thisMonth [0m-[0m - ms - -[0m
[0mGET /api/emissions/customer-list [36m304[0m 1.240 ms - -[0m
[0mGET /api/health [32m200[0m 0.327 ms - 58[0m
[0mGET / [36m304[0m 1.525 ms - -[0m
[0mGET /api/emissions/time?preset=thisMonth [0m-[0m - ms - -[0m
[0mGET /api/emissions/customer-list [36m304[0m 0.665 ms - -[0m
[0mGET /api/emissions/time?preset=thisMonth [32m200[0m 0.699 ms - 300[0m
[0mGET /api/health [32m200[0m 0.489 ms - 58[0m
[0mGET / [36m304[0m 0.895 ms - -[0m
[0mGET /api/emissions/customer-list [36m304[0m 0.918 ms - -[0m
[0mGET /api/health [32m200[0m 0.451 ms - 58[0m
[0mGET /api/emissions/time?preset=thisMonth [36m304[0m 0.856 ms - -[0m
[0mGET / [36m304[0m 1.033 ms - -[0m
[0mGET /api/health [32m200[0m 0.370 ms - 58[0m
[0mGET /api/emissions/customer-list [36m304[0m 0.520 ms - -[0m
[0mGET /api/emissions/time?preset=thisMonth [36m304[0m 1.702 ms - -[0m
[0mGET / [36m304[0m 0.558 ms - -[0m
[0mGET /api/emissions/customer-list [36m304[0m 1.491 ms - -[0m
[0mGET /api/emissions/time?preset=thisMonth [36m304[0m 1.076 ms - -[0m
[0mGET /api/health [32m200[0m 0.508 ms - 58[0m
[0mGET / [36m304[0m 1.118 ms - -[0m
[0mGET /api/emissions/customer-list [36m304[0m 0.713 ms - -[0m
[0mGET /api/health [32m200[0m 0.458 ms - 58[0m
[0mGET /api/emissions/time?preset=thisMonth [36m304[0m 5.973 ms - -[0m
[0mGET / [36m304[0m 0.611 ms - -[0m
[0mGET /api/health [32m200[0m 0.399 ms - 58[0m
[0mGET /api/emissions/customer-list [36m304[0m 0.667 ms - -[0m
[0mGET /api/emissions/time?preset=thisMonth [36m304[0m 1.018 ms - -[0m
[0mGET / [36m304[0m 0.850 ms - -[0m
[0mGET /api/emissions/customer-list [36m304[0m 0.511 ms - -[0m
[0mGET /api/emissions/time?preset=thisMonth [36m304[0m 0.972 ms - -[0m
[0mGET /api/health [32m200[0m 0.472 ms - 58[0m
[0mGET / [36m304[0m 0.797 ms - -[0m
[0mGET /api/emissions/customer-list [36m304[0m 0.489 ms - -[0m
[0mGET /api/emissions/time?preset=thisMonth [36m304[0m 1.422 ms - -[0m
[0mGET /api/health [32m200[0m 1.105 ms - 58[0m
[0mGET / [36m304[0m 0.423 ms - -[0m
[0mGET /api/emissions/customer-list [36m304[0m 0.532 ms - -[0m
[0mGET /api/health [32m200[0m 0.501 ms - 58[0m
[0mGET /api/emissions/time?preset=thisMonth [36m304[0m 0.561 ms - -[0m
[0mGET / [36m304[0m 0.405 ms - -[0m
[0mGET /api/emissions/customer-list [36m304[0m 0.609 ms - -[0m
[0mGET /api/emissions/time?preset=thisMonth [36m304[0m 1.125 ms - -[0m
[0mGET /api/health [32m200[0m 0.255 ms - 58[0m
[0mGET / [36m304[0m 0.608 ms - -[0m
[0mGET /api/emissions/customer-list [36m304[0m 0.496 ms - -[0m
[0mGET /api/emissions/time?preset=thisMonth [36m304[0m 0.689 ms - -[0m
[0mGET /api/health [32m200[0m 0.392 ms - 58[0m
[0mGET / [36m304[0m 4.058 ms - -[0m
[0mGET /api/health [32m200[0m 0.409 ms - 58[0m
[0mGET /api/emissions/customer-list [36m304[0m 0.437 ms - -[0m
[0mGET /api/emissions/time?preset=thisMonth [36m304[0m 0.653 ms - -[0m
[error] <ref *1> AxiosError: timeout of 30000ms exceeded
    at createTimeoutError (D:\Carbon emisssion Dashboard\node_modules\axios\dist\node\axios.cjs:3205:14)
    at RedirectableRequest.handleTimeout (D:\Carbon emisssion Dashboard\node_modules\axios\dist\node\axios.cjs:3665:15)
    at RedirectableRequest.emit (node:events:518:28)
    at Timeout._onTimeout (D:\Carbon emisssion Dashboard\node_modules\follow-redirects\index.js:233:12)
    at listOnTimeout (node:internal/timers:588:17)
    at process.processTimers (node:internal/timers:523:7)
    at Axios.request (D:\Carbon emisssion Dashboard\node_modules\axios\dist\node\axios.cjs:4871:41)
    at process.processTicksAndRejections (node:internal/process/task_queues:105:5)
    at async fetchListPage (D:\Carbon emisssion Dashboard\backend\services\tmsClient.js:156:15)
    at async fetchListAllPages (D:\Carbon emisssion Dashboard\backend\services\tmsClient.js:168:18)
    at async Object.getShipmentsInRange (D:\Carbon emisssion Dashboard\backend\services\tmsClient.js:224:17)
    at async D:\Carbon emisssion Dashboard\backend\routes\emissions.js:13:23 {
  isAxiosError: true,
  code: 'ECONNABORTED',
  config: [Object: null prototype] {
    transitional: {
      silentJSONParsing: true,
      forcedJSONParsing: true,
      clarifyTimeoutError: false,
      legacyInterceptorReqResOrdering: true
    },
    adapter: [ 'xhr', 'http', 'fetch' ],
    transformRequest: [ [Function: transformRequest] ],
    transformResponse: [ [Function: transformResponse] ],
    timeout: 30000,
    xsrfCookieName: 'XSRF-TOKEN',
    xsrfHeaderName: 'X-XSRF-TOKEN',
    maxContentLength: -1,
    maxBodyLength: -1,
    env: { FormData: [Function], Blob: [class Blob] },
    validateStatus: [Function: validateStatus],
    headers: Object [AxiosHeaders] {
      Accept: 'application/json, text/plain, */*',
      'Content-Type': undefined,
      Authorization: 'Bearer eyJhbGciOiJIUzI1NiJ9.eyJpYXQiOjE3NzgwNDkzOTcsInVzZXJJZCI6IjZkNmIzMjYxLTE4NmYtNDIyYy05MDIzLTdkNzJkOWE0YTgxYyIsImVtYWlsIjoidmFydW4yLnNoYXJtYUBjamRhcmNsLmNvbSIsIm1vYmlsZU51bWJlciI6Ijk3NzM5MDA5MzkiLCJvcmdJZCI6ImVmMzAwNjgzLTkwMWItNDc3NC1iZjBlLTk1NWQ0OWU3OTZiYyIsIm5hbWUiOiJWQVJVTiBTSEFSTUEgKEpSIFNPRlRXQVJFIEVOR0lORUVSLUNvcnAgR0dOIElUIEZDTSkiLCJvcmdUeXBlIjoiRkxFRVRfT1dORVIiLCJpc0dvZCI6ZmFsc2UsInBvcnRhbFR5cGUiOiJiYXNpYyJ9.8pdZoj7O66JanWLjb-OK5Mgu4vdH_WnlVKqvVGmNrTs',
      'User-Agent': 'axios/1.16.0',
      'Accept-Encoding': 'gzip, compress, deflate, br'
    },
    baseURL: 'https://tmsapis.cjdarcl.com',
    params: {
      filters: '{"__version":2,"completionTime":{"isTillExpression":false,"isFromExpression":false,"from":1777573800000,"till":1778092199999}}',
      activeShipments: true
    },
    method: 'get',
    url: '/shipment-view/shipments/v1',
    allowAbsoluteUrls: true,
    data: undefined
  },
  request: <ref *2> Writable {
    _events: {
      close: undefined,
      error: [Function: handleRequestError],
      prefinish: undefined,
      finish: undefined,
      drain: undefined,
      response: [Function: handleResponse],
      socket: [Array],
      timeout: undefined,
      abort: undefined
    },
    _writableState: WritableState {
      highWaterMark: 16384,
      length: 0,
      corked: 0,
      onwrite: [Function: bound onwrite],
      writelen: 0,
      bufferedIndex: 0,
      pendingcb: 0,
      [Symbol(kState)]: 17581054,
      [Symbol(kBufferedValue)]: null,
      [Symbol(kErroredValue)]: [Circular *1]
    },
    _maxListeners: undefined,
    _options: {
      maxRedirects: 21,
      maxBodyLength: Infinity,
      protocol: 'https:',
      path: '/shipment-view/shipments/v1?filters=%7B%22__version%22:2,%22completionTime%22:%7B%22isTillExpression%22:false,%22isFromExpression%22:false,%22from%22:1777573800000,%22till%22:1778092199999%7D%7D&activeShipments=true',
      method: 'GET',
      headers: [Object: null prototype],
      agents: [Object],
      auth: undefined,
      family: undefined,
      beforeRedirect: [Function: dispatchBeforeRedirect],
      beforeRedirects: [Object: null prototype],
      http2Options: undefined,
      hostname: 'tmsapis.cjdarcl.com',
      port: '',
      agent: undefined,
      insecureHTTPParser: false,
      nativeProtocols: [Object],
      sensitiveHeaders: [],
      pathname: '/shipment-view/shipments/v1',
      search: '?filters=%7B%22__version%22:2,%22completionTime%22:%7B%22isTillExpression%22:false,%22isFromExpression%22:false,%22from%22:1777573800000,%22till%22:1778092199999%7D%7D&activeShipments=true'
    },
    _ended: true,
    _ending: true,
    _redirectCount: 0,
    _redirects: [],
    _requestBodyLength: 0,
    _requestBodyBuffers: [],
    _eventsCount: 3,
    _onNativeResponse: [Function (anonymous)],
    _headerFilter: /^(?:Authorization|Proxy-Authorization|Cookie)$/i,
    _currentRequest: ClientRequest {
      _events: [Object: null prototype],
      _eventsCount: 2,
      _maxListeners: undefined,
      outputData: [],
      outputSize: 0,
      writable: true,
      destroyed: true,
      _last: true,
      chunkedEncoding: false,
      shouldKeepAlive: true,
      maxRequestsOnConnectionReached: false,
      _defaultKeepAlive: true,
      useChunkedEncodingByDefault: false,
      sendDate: false,
      _removedConnection: false,
      _removedContLen: false,
      _removedTE: false,
      strictContentLength: false,
      _contentLength: 0,
      _hasBody: true,
      _trailer: '',
      finished: true,
      _headerSent: true,
      _closed: false,
      _header: 'GET /shipment-view/shipments/v1?filters=%7B%22__version%22:2,%22completionTime%22:%7B%22isTillExpression%22:false,%22isFromExpression%22:false,%22from%22:1777573800000,%22till%22:1778092199999%7D%7D&activeShipments=true HTTP/1.1\r\n' +
        'Accept: application/json, text/plain, */*\r\n' +
        'Authorization: Bearer eyJhbGciOiJIUzI1NiJ9.eyJpYXQiOjE3NzgwNDkzOTcsInVzZXJJZCI6IjZkNmIzMjYxLTE4NmYtNDIyYy05MDIzLTdkNzJkOWE0YTgxYyIsImVtYWlsIjoidmFydW4yLnNoYXJtYUBjamRhcmNsLmNvbSIsIm1vYmlsZU51bWJlciI6Ijk3NzM5MDA5MzkiLCJvcmdJZCI6ImVmMzAwNjgzLTkwMWItNDc3NC1iZjBlLTk1NWQ0OWU3OTZiYyIsIm5hbWUiOiJWQVJVTiBTSEFSTUEgKEpSIFNPRlRXQVJFIEVOR0lORUVSLUNvcnAgR0dOIElUIEZDTSkiLCJvcmdUeXBlIjoiRkxFRVRfT1dORVIiLCJpc0dvZCI6ZmFsc2UsInBvcnRhbFR5cGUiOiJiYXNpYyJ9.8pdZoj7O66JanWLjb-OK5Mgu4vdH_WnlVKqvVGmNrTs\r\n' +
        'User-Agent: axios/1.16.0\r\n' +
        'Accept-Encoding: gzip, compress, deflate, br\r\n' +
        'Host: tmsapis.cjdarcl.com\r\n' +
        'Connection: keep-alive\r\n' +
        '\r\n',
      _keepAliveTimeout: 0,
      _onPendingData: [Function: nop],
      agent: [Agent],
      socketPath: undefined,
      method: 'GET',
      maxHeaderSize: undefined,
      insecureHTTPParser: false,
      joinDuplicateHeaders: undefined,
      path: '/shipment-view/shipments/v1?filters=%7B%22__version%22:2,%22completionTime%22:%7B%22isTillExpression%22:false,%22isFromExpression%22:false,%22from%22:1777573800000,%22till%22:1778092199999%7D%7D&activeShipments=true',
      _ended: false,
      res: null,
      aborted: false,
      timeoutCb: [Function: emitRequestTimeout],
      upgradeOrConnect: false,
      parser: null,
      maxHeadersCount: null,
      reusedSocket: false,
      host: 'tmsapis.cjdarcl.com',
      protocol: 'https:',
      _redirectable: [Circular *2],
      [Symbol(shapeMode)]: false,
      [Symbol(kCapture)]: false,
      [Symbol(kBytesWritten)]: 0,
      [Symbol(kNeedDrain)]: false,
      [Symbol(corked)]: 0,
      [Symbol(kChunkedBuffer)]: [],
      [Symbol(kChunkedLength)]: 0,
      [Symbol(kSocket)]: [TLSSocket],
      [Symbol(kOutHeaders)]: [Object: null prototype],
      [Symbol(errored)]: null,
      [Symbol(kHighWaterMark)]: 16384,
      [Symbol(kRejectNonStandardBodyWrites)]: false,
      [Symbol(kUniqueHeaders)]: null,
      [Symbol(kError)]: [Circular *1]
    },
    _currentUrl: 'https://tmsapis.cjdarcl.com/shipment-view/shipments/v1?filters=%7B%22__version%22:2,%22completionTime%22:%7B%22isTillExpression%22:false,%22isFromExpression%22:false,%22from%22:1777573800000,%22till%22:1778092199999%7D%7D&activeShipments=true',
    _timeout: null,
    [Symbol(shapeMode)]: true,
    [Symbol(kCapture)]: false
  }
}
[0mGET /api/emissions/customers?preset=previousMonth&customer=HPCL_MITTAL_ENERGY_LIMIT [32m200[0m 737.524 ms - 164[0m
[0mGET /api/emissions/customers?preset=previousWeek&customer=HPCL_MITTAL_ENERGY_LIMIT [32m200[0m 2048.728 ms - 162[0m
[0mGET /api/emissions/customers?preset=previousMonth&customer=HPCL_MITTAL_ENERGY_LIMIT [36m304[0m 0.559 ms - -[0m
[0mGET /api/emissions/customers?preset=previousMonth [32m200[0m 1.350 ms - -[0m
[0mGET /api/emissions/customers?preset=previousMonth&customer=SAVLI_COPPER_PRODUCTS_PR [32m200[0m 928.488 ms - 164[0m
[0mGET /api/emissions/customers?preset=last30&customer=SAVLI_COPPER_PRODUCTS_PR [32m200[0m 454.869 ms - 155[0m
[0mGET /api/emissions/customers?preset=last30&customer=AMARA_RAJA_ENERGY_MOBILI [32m200[0m 0.370 ms - 155[0m
[0mGET /api/emissions/customers?preset=previousMonth&customer=AMARA_RAJA_ENERGY_MOBILI [32m200[0m 2016.890 ms - 164[0m
[0mGET /api/emissions/customers?preset=previousMonth&customer=CHIRIPAL_POLY_FILMS_LIMI [32m200[0m 498.112 ms - 164[0m
[0mGET /api/emissions/time?preset=previousMonth [32m200[0m 0.738 ms - 504[0m
[0mGET /api/emissions/time?preset=previousMonth [36m304[0m 441.543 ms - -[0m
[0mGET /api/emissions/time?preset=custom&from=1772303400000&till=1772908199999 [32m200[0m 144854.944 ms - 598[0m
[0mGET /api/emissions/customers?preset=custom&from=1772303400000&till=1772908199999&customer=CHIRIPAL_POLY_FILMS_LIMI [32m200[0m 1405.048 ms - 155[0m
[0mGET / [36m304[0m 0.770 ms - -[0m
[0mGET /css/style.css?v=3 [36m304[0m 0.875 ms - -[0m
[0mGET /assets/logo.webp [36m304[0m 1.560 ms - -[0m
[0mGET /js/util.js [36m304[0m 1.642 ms - -[0m
[0mGET /js/period.js [36m304[0m 0.746 ms - -[0m
[0mGET /js/customerFilter.js [36m304[0m 0.418 ms - -[0m
[0mGET /js/timeView.js?v=2 [36m304[0m 2.576 ms - -[0m
[0mGET /js/customerView.js?v=3 [36m304[0m 0.913 ms - -[0m
[0mGET /js/drilldown.js [36m304[0m 0.523 ms - -[0m
[0mGET /js/email.js [36m304[0m 0.609 ms - -[0m
[0mGET /js/app.js [36m304[0m 0.457 ms - -[0m
[0mGET /api/health [32m200[0m 0.220 ms - 58[0m
[0mGET /api/emissions/customer-list [32m200[0m 0.547 ms - -[0m
[0mGET /js/util.js [36m304[0m 1.155 ms - -[0m
[0mGET /js/customerFilter.js [36m304[0m 1.221 ms - -[0m
[0mGET /js/period.js [36m304[0m 1.478 ms - -[0m
[0mGET /js/timeView.js?v=2 [36m304[0m 0.447 ms - -[0m
[0mGET /js/customerView.js?v=3 [36m304[0m 0.612 ms - -[0m
[0mGET /js/email.js [36m304[0m 0.911 ms - -[0m
[0mGET /js/drilldown.js [36m304[0m 1.990 ms - -[0m
[0mGET /js/app.js [36m304[0m 1.378 ms - -[0m
[0mGET /api/emissions/time?preset=thisMonth [32m200[0m 622.284 ms - 300[0m
[0mGET /api/emissions/customer/VOLV/shipments?preset=custom&from=1777660200000&till=1778092200000 [32m200[0m 3177.941 ms - 266[0m
[0mGET /api/emissions/customers?preset=custom&from=1777660200000&till=1778092200000&customer=MAH [32m200[0m 0.410 ms - 155[0m
[0mGET /api/emissions/customers?preset=custom&from=1777660200000&till=1778092200000&customer=MAH [36m304[0m 585.509 ms - -[0m
[0mGET / [36m304[0m 3.089 ms - -[0m
[0mGET /api/health [32m200[0m 0.765 ms - 58[0m
[0mGET /api/emissions/customer-list [32m200[0m 1.550 ms - -[0m
[0mGET /api/emissions/time?preset=thisMonth [36m304[0m 320.180 ms - -[0m
[0mGET /api/emissions/time?preset=thisMonth [36m304[0m 1.397 ms - -[0m
[0mGET /api/emissions/time?preset=previousWeek [32m200[0m 646.235 ms - 594[0m
